Microchip MPLAB XC8 Compiler V2.32

Linker command line:

-W-3 --edf=C:\Program Files\Microchip\xc8\v2.32\pic\dat\en_msgs.txt -cn \
  -h+dist/default/production\BAI_5_HIEN.X.production.sym \
  --cmf=dist/default/production\BAI_5_HIEN.X.production.cmf -z -Q16F887 \
  -oC:\Users\ssc002\AppData\Local\Temp\xcAsda0.5 --defsym=__MPLAB_BUILD=1 \
  -Mdist/default/production/BAI_5_HIEN.X.production.map -E1 \
  -ver=XC8 Compiler --acfsm=1493 -ASTACK=0110h-016Fh -pstack=STACK \
  -ACODE=00h-07FFhx4 -ASTRCODE=00h-01FFFh -ASTRING=00h-0FFhx32 \
  -ACONST=00h-0FFhx32 -AENTRY=00h-0FFhx32 -ACOMMON=070h-07Fh \
  -ABANK0=020h-06Fh -ABANK1=0A0h-0EFh -ABANK2=0110h-016Fh \
  -ABANK3=0190h-01EFh -ARAM=020h-06Fh,0A0h-0EFh,0110h-016Fh,0190h-01EFh \
  -AABS1=020h-07Fh,0A0h-0EFh,0110h-016Fh,0190h-01EFh -ASFR0=00h-01Fh \
  -ASFR1=080h-09Fh -ASFR2=0100h-010Fh -ASFR3=0180h-018Fh \
  -ACONFIG=02007h-02008h -DCONFIG=2 -AIDLOC=02000h-02003h -DIDLOC=2 \
  -AEEDATA=00h-0FFh/02100h -peeprom_data=EEDATA -DEEDATA=2 -DCODE=2 \
  -DSTRCODE=2 -DSTRING=2 -DCONST=2 -DENTRY=2 \
  -preset_vec=00h,intentry,init,end_init -ppowerup=CODE -pcinit=CODE \
  -pfunctab=ENTRY -k C:\Users\ssc002\AppData\Local\Temp\xcAsda0.o \
  dist/default/production\BAI_5_HIEN.X.production.o 

Object code version is 3.11

Machine type is 16F887



                Name                               Link     Load   Length Selector   Space Scale
C:\Users\ssc002\AppData\Local\Temp\xcAsda0.o
                end_init                              0        0        3        0       0
                config                             2007     2007        2        0       4
dist/default/production\BAI_5_HIEN.X.production.o
                cinit                               7F8      7F8        8      FF0       0
                config                             2007     2007        2        0       4
                text15                              B32      B32      263     1664       0
                text14                               A1       A1       A2      142       0
                text13                              928      928       27     1250       0
                text12                              497      497      361      92E       0
                text11                              989      989       44     1312       0
                text10                              94F      94F       3A     129E       0
                text9                               903      903       25     1206       0
                text8                               1FF      1FF      298      3FE       0
                text7                               8DF      8DF       24     11BE       0
                text6                                25       25       7C       4A       0
                text5                               143      143       BC      286       0
                text4                               9CD      9CD       4E     139A       0
                text3                               A1B      A1B       54     1436       0
                text2                               A6F      A6F       5C     14DE       0
                text1                               ACB      ACB       67     1596       0
                maintext                            D95      D95      26B     1B2A       0
                cstackBANK0                          20       20       4E       20       1
                cstackCOMMON                         70       70        E       70       1
                cstackBANK1                          A0       A0       2D       A0       1
                bssBANK0                             6E       6E        2       20       1
                strings                               3        3       1A        6       0

TOTAL           Name                               Link     Load   Length     Space
        CLASS   STACK          

        CLASS   CODE           
                end_init                              0        0        3         0
                cinit                               7F8      7F8        8         0
                text15                              B32      B32      263         0
                text14                               A1       A1       A2         0
                text13                              928      928       27         0
                text12                              497      497      361         0
                text11                              989      989       44         0
                text10                              94F      94F       3A         0
                text9                               903      903       25         0
                text8                               1FF      1FF      298         0
                text7                               8DF      8DF       24         0
                text6                                25       25       7C         0
                text5                               143      143       BC         0
                text4                               9CD      9CD       4E         0
                text3                               A1B      A1B       54         0
                text2                               A6F      A6F       5C         0
                text1                               ACB      ACB       67         0
                maintext                            D95      D95      26B         0

        CLASS   STRCODE        

        CLASS   STRING         
                strings                               3        3       1A         0

        CLASS   CONST          

        CLASS   ENTRY          

        CLASS   COMMON         
                cstackCOMMON                         70       70        E         1

        CLASS   BANK0          
                cstackBANK0                          20       20       4E         1
                bssBANK0                             6E       6E        2         1

        CLASS   BANK1          
                cstackBANK1                          A0       A0       2D         1

        CLASS   BANK2          

        CLASS   BANK3          

        CLASS   RAM            

        CLASS   ABS1           
                abs_s1                               7E       7E        2         1

        CLASS   SFR0           

        CLASS   SFR1           

        CLASS   SFR2           

        CLASS   SFR3           

        CLASS   CONFIG         
                config                             2007     2007        2         4

        CLASS   IDLOC          

        CLASS   EEDATA         



SEGMENTS        Name                           Load    Length   Top    Selector   Space  Class     Delta

                reset_vec                      000000  000003  000003         0       0  CODE        2
                strings                        000003  00001A  00001D         6       0  STRING      2
                cstackBANK0                    000020  000050  000070        20       1  BANK0       1
                text6                          000025  00007C  0000A1        4A       0  CODE        2
                cstackCOMMON                   000070  00000E  00007E        70       1  COMMON      1
                cstackBANK1                    0000A0  00002D  0000CD        A0       1  BANK1       1
                text14                         0000A1  0000A2  000143       142       0  CODE        2
                text5                          000143  0000BC  0001FF       286       0  CODE        2
                text8                          0001FF  000298  000497       3FE       0  CODE        2
                text12                         000497  000361  0007F8       92E       0  CODE        2
                cinit                          0007F8  000008  000800       FF0       0  CODE        2
                text7                          0008DF  000024  000903      11BE       0  CODE        2
                text9                          000903  000025  000928      1206       0  CODE        2
                text13                         000928  000027  00094F      1250       0  CODE        2
                text10                         00094F  00003A  000989      129E       0  CODE        2
                text11                         000989  000044  0009CD      1312       0  CODE        2
                text4                          0009CD  00004E  000A1B      139A       0  CODE        2
                text3                          000A1B  000054  000A6F      1436       0  CODE        2
                text2                          000A6F  00005C  000ACB      14DE       0  CODE        2
                text1                          000ACB  000067  000B32      1596       0  CODE        2
                text15                         000B32  000263  000D95      1664       0  CODE        2
                maintext                       000D95  00026B  001000      1B2A       0  CODE        2


UNUSED ADDRESS RANGES

        Name                Unused          Largest block    Delta
        BANK1            00CD-00EF             23           1
        BANK2            0110-016F             60           1
        BANK3            0190-01EF             60           1
        CODE             001D-0024              8           2
                         0800-08DE             DF
                         1000-1FFF            800
        CONST            001D-0024              8           2
                         0800-08DE             DF
                         1000-1FFF            100
        EEDATA           2100-21FF            100           2
        ENTRY            001D-0024              8           2
                         0800-08DE             DF
                         1000-1FFF            100
        IDLOC            2000-2003              4           2
        RAM              00CD-00EF             23           1
                         0110-016F             60
                         0190-01EF             60
        SFR0             0000-001F             20           1
        SFR1             0080-009F             20           1
        SFR2             0100-010F             10           1
        SFR3             0180-018F             10           1
        STACK            0110-016F             60           1
        STRCODE          001D-0024              8           2
                         0800-08DE             DF
                         1000-1FFF           1000
        STRING           001D-0024              8           2
                         0800-08DE             DF
                         1000-1FFF            100

                                  Symbol Table

?__Umul8_16              cstackCOMMON 0070
?___fladd                cstackCOMMON 0070
?___fldiv                cstackBANK1  00A0
?___flmul                cstackBANK0  0020
?___flsub                cstackBANK0  0059
?___fltol                cstackBANK0  0035
?___lwdiv                cstackCOMMON 0076
?___lwmod                cstackCOMMON 0070
?___wmul                 cstackCOMMON 0070
?___xxtofl               cstackBANK0  0040
?_round                  cstackBANK0  0061
?_trunc                  cstackBANK0  004E
_ADCON0                  (abs)        001F
_ADCON1                  (abs)        009F
_ADFM                    (abs)        04FF
_ADRESH                  (abs)        001E
_ADRESL                  (abs)        009E
_ANSEL                   (abs)        0188
_ANSELH                  (abs)        0189
_GO                      (abs)        00F9
_PORTB                   (abs)        0006
_PORTC                   (abs)        0007
_PORTD                   (abs)        0008
_TRISA0                  (abs)        0428
_TRISB                   (abs)        0086
_TRISC                   (abs)        0087
_TRISD                   (abs)        0088
__Habs1                  abs1         0000
__Hbank0                 bank0        0000
__Hbank1                 bank1        0000
__Hbank2                 bank2        0000
__Hbank3                 bank3        0000
__HbssBANK0              bssBANK0     0000
__Hcinit                 cinit        0800
__Hclrtext               clrtext      0000
__Hcode                  code         0000
__Hcommon                common       0000
__Hconfig                config       2009
__HcstackBANK0           cstackBANK0  0000
__HcstackBANK1           cstackBANK1  0000
__HcstackCOMMON          cstackCOMMON 0000
__Heeprom_data           eeprom_data  0000
__Hend_init              end_init     0003
__Hfunctab               functab      0000
__Hinit                  init         0000
__Hintentry              intentry     0000
__Hmaintext              maintext     0000
__Hpowerup               powerup      0000
__Hram                   ram          0000
__Hreset_vec             reset_vec    0000
__Hsfr0                  sfr0         0000
__Hsfr1                  sfr1         0000
__Hsfr2                  sfr2         0000
__Hsfr3                  sfr3         0000
__Hspace_0               (abs)        1000
__Hspace_1               (abs)        00CD
__Hspace_2               (abs)        0000
__Hspace_3               (abs)        0000
__Hspace_4               (abs)        4010
__Hstack                 stack        0000
__Hstrings               strings      0000
__Htext                  text         0000
__Labs1                  abs1         0000
__Lbank0                 bank0        0000
__Lbank1                 bank1        0000
__Lbank2                 bank2        0000
__Lbank3                 bank3        0000
__LbssBANK0              bssBANK0     0000
__Lcinit                 cinit        07F8
__Lclrtext               clrtext      0000
__Lcode                  code         0000
__Lcommon                common       0000
__Lconfig                config       0000
__LcstackBANK0           cstackBANK0  0000
__LcstackBANK1           cstackBANK1  0000
__LcstackCOMMON          cstackCOMMON 0000
__Leeprom_data           eeprom_data  0000
__Lend_init              end_init     0000
__Lfunctab               functab      0000
__Linit                  init         0000
__Lintentry              intentry     0000
__Lmaintext              maintext     0000
__Lpowerup               powerup      0000
__Lram                   ram          0000
__Lreset_vec             reset_vec    0000
__Lsfr0                  sfr0         0000
__Lsfr1                  sfr1         0000
__Lsfr2                  sfr2         0000
__Lsfr3                  sfr3         0000
__Lspace_0               (abs)        0000
__Lspace_1               (abs)        0000
__Lspace_2               (abs)        0000
__Lspace_3               (abs)        0000
__Lspace_4               (abs)        0000
__Lstack                 stack        0000
__Lstrings               strings      0000
__Ltext                  text         0000
__S0                     (abs)        1000
__S1                     (abs)        00CD
__S2                     (abs)        0000
__S3                     (abs)        0000
__Umul8_16               text13       0928
__Umul8_16@multiplicand  cstackCOMMON 0070
__Umul8_16@multiplier    cstackCOMMON 0078
__Umul8_16@product       cstackCOMMON 0074
__Umul8_16@word_mpld     cstackCOMMON 0076
___fladd                 text8        01FF
___fladd@a               cstackCOMMON 0074
___fladd@aexp            cstackCOMMON 0079
___fladd@b               cstackCOMMON 0070
___fladd@bexp            cstackCOMMON 007A
___fladd@grs             cstackCOMMON 007B
___fladd@signs           cstackCOMMON 0078
___fldiv                 text15       0B32
___fldiv@a               cstackBANK1  00A0
___fldiv@aexp            cstackBANK1  00B4
___fldiv@b               cstackBANK1  00A4
___fldiv@bexp            cstackBANK1  00B3
___fldiv@grs             cstackBANK1  00AF
___fldiv@new_exp         cstackBANK1  00AD
___fldiv@rem             cstackBANK1  00A8
___fldiv@sign            cstackBANK1  00AC
___fleq                  text4        09CD
___fleq@ff1              cstackCOMMON 0070
___fleq@ff2              cstackCOMMON 0074
___flge                  text14       00A1
___flge@ff1              cstackCOMMON 0070
___flge@ff2              cstackCOMMON 0074
___flmul                 text12       0497
___flmul@a               cstackBANK0  0024
___flmul@aexp            cstackBANK0  002D
___flmul@b               cstackBANK0  0020
___flmul@bexp            cstackBANK0  002E
___flmul@grs             cstackBANK0  0029
___flmul@prod            cstackBANK0  002F
___flmul@sign            cstackBANK0  0028
___flmul@temp            cstackBANK0  0033
___flsub                 text7        08DF
___flsub@a               cstackBANK0  0059
___flsub@b               cstackBANK0  005D
___fltol                 text6        0025
___fltol@exp1            cstackBANK0  003F
___fltol@f1              cstackBANK0  0035
___fltol@sign1           cstackBANK0  003E
___int_sp                stack        0000
___latbits               (abs)        0002
___lwdiv                 text11       0989
___lwdiv@counter         cstackCOMMON 007D
___lwdiv@dividend        cstackCOMMON 0078
___lwdiv@divisor         cstackCOMMON 0076
___lwdiv@quotient        cstackCOMMON 007B
___lwmod                 text10       094F
___lwmod@counter         cstackCOMMON 0075
___lwmod@dividend        cstackCOMMON 0072
___lwmod@divisor         cstackCOMMON 0070
___sp                    stack        0000
___stackhi               (abs)        0000
___stacklo               (abs)        0000
___wmul                  text9        0903
___wmul@multiplicand     cstackCOMMON 0072
___wmul@multiplier       cstackCOMMON 0070
___wmul@product          cstackCOMMON 0074
___xxtofl                text5        0143
___xxtofl@arg            cstackBANK0  004A
___xxtofl@exp            cstackBANK0  0049
___xxtofl@sign           cstackBANK0  0048
___xxtofl@val            cstackBANK0  0040
__end_of__Umul8_16       text13       094F
__end_of___fladd         text8        0497
__end_of___fldiv         text15       0D95
__end_of___fleq          text4        0A1B
__end_of___flge          text14       0143
__end_of___flmul         text12       07F8
__end_of___flsub         text7        0903
__end_of___fltol         text6        00A1
__end_of___lwdiv         text11       09CD
__end_of___lwmod         text10       0989
__end_of___wmul          text9        0928
__end_of___xxtofl        text5        01FF
__end_of__initialization cinit        07FC
__end_of__stringtab      strings      0009
__end_of_frexp           text3        0A6F
__end_of_main            maintext     1000
__end_of_round           text1        0B32
__end_of_trunc           text2        0ACB
__end_ofmain@led         strings      001D
__initialization         cinit        07F8
__pbssBANK0              bssBANK0     006E
__pcstackBANK0           cstackBANK0  0020
__pcstackBANK1           cstackBANK1  00A0
__pcstackCOMMON          cstackCOMMON 0070
__pmaintext              maintext     0D95
__pstrings               strings      0003
__ptext1                 text1        0ACB
__ptext10                text10       094F
__ptext11                text11       0989
__ptext12                text12       0497
__ptext13                text13       0928
__ptext14                text14       00A1
__ptext15                text15       0B32
__ptext2                 text2        0A6F
__ptext3                 text3        0A1B
__ptext4                 text4        09CD
__ptext5                 text5        0143
__ptext6                 text6        0025
__ptext7                 text7        08DF
__ptext8                 text8        01FF
__ptext9                 text9        0903
__size_of__Umul8_16      (abs)        0000
__size_of___fladd        (abs)        0000
__size_of___fldiv        (abs)        0000
__size_of___fleq         (abs)        0000
__size_of___flge         (abs)        0000
__size_of___flmul        (abs)        0000
__size_of___flsub        (abs)        0000
__size_of___fltol        (abs)        0000
__size_of___lwdiv        (abs)        0000
__size_of___lwmod        (abs)        0000
__size_of___wmul         (abs)        0000
__size_of___xxtofl       (abs)        0000
__size_of_frexp          (abs)        0000
__size_of_main           (abs)        0000
__size_of_round          (abs)        0000
__size_of_trunc          (abs)        0000
__stringbase             strings      0008
__stringtab              strings      0003
_frexp                   text3        0A1B
_main                    maintext     0D95
_main$709                cstackBANK1  00C9
_round                   text1        0ACB
_trunc                   text2        0A6F
btemp                    (abs)        007E
end_of_initialization    cinit        07FC
frexp@eptr               cstackBANK0  0024
frexp@value              cstackBANK0  0020
intlevel0                functab      0000
intlevel1                functab      0000
intlevel2                functab      0000
intlevel3                functab      0000
intlevel4                functab      0000
intlevel5                functab      0000
main@CH                  cstackBANK1  00BD
main@DV                  cstackBANK1  00BF
main@Re_Vout             cstackBANK1  00C5
main@TR                  cstackBANK1  00BB
main@Vout                cstackBANK1  00C1
main@led                 strings      0009
main@storage             cstackBANK1  00B9
main@temp                cstackBANK1  00CB
reset_vec                reset_vec    0000
round@f                  cstackBANK0  0065
round@x                  cstackBANK0  0061
start                    init         0000
start_initialization     cinit        07F8
trunc@expon              cstackBANK0  0057
trunc@i                  cstackBANK0  0053
trunc@x                  cstackBANK0  004E
wtemp0                   (abs)        007E


MODULE INFORMATION

Module		Function		Class		Link	Load	Size
C:\Program Files\Microchip\xc8\v2.32\pic\sources\c90\common\sprcadd.c
		___flsub       		CODE           	08DF	0000	36
		___fladd       		CODE           	01FF	0000	664

C:\Program Files\Microchip\xc8\v2.32\pic\sources\c90\common\sprcadd.c estimated size: 700

C:\Program Files\Microchip\xc8\v2.32\pic\sources\c90\common\flge.c
		___flge        		CODE           	00A1	0000	162

C:\Program Files\Microchip\xc8\v2.32\pic\sources\c90\common\flge.c estimated size: 162

C:\Program Files\Microchip\xc8\v2.32\pic\sources\c90\common\xxtofl.c
		___xxtofl      		CODE           	0143	0000	188

C:\Program Files\Microchip\xc8\v2.32\pic\sources\c90\common\xxtofl.c estimated size: 188

C:\Program Files\Microchip\xc8\v2.32\pic\sources\c90\common\round.c
		_round         		CODE           	0ACB	0000	103

C:\Program Files\Microchip\xc8\v2.32\pic\sources\c90\common\round.c estimated size: 103

C:\Program Files\Microchip\xc8\v2.32\pic\sources\c90\common\Umul8_16.c
		__Umul8_16     		CODE           	0928	0000	39

C:\Program Files\Microchip\xc8\v2.32\pic\sources\c90\common\Umul8_16.c estimated size: 39

C:\Program Files\Microchip\xc8\v2.32\pic\sources\c90\common\frexp.c
		_frexp         		CODE           	0A1B	0000	84

C:\Program Files\Microchip\xc8\v2.32\pic\sources\c90\common\frexp.c estimated size: 84

C:\Program Files\Microchip\xc8\v2.32\pic\sources\c90\common\lwmod.c
		___lwmod       		CODE           	094F	0000	58

C:\Program Files\Microchip\xc8\v2.32\pic\sources\c90\common\lwmod.c estimated size: 58

shared
		__stringtab    		STRING         	0003	0000	6
		__initialization		CODE           	07F8	0000	4
		main@led       		STRING         	0009	0000	20

shared estimated size: 30

C:\Program Files\Microchip\xc8\v2.32\pic\sources\c90\common\fleq.c
		___fleq        		CODE           	09CD	0000	78

C:\Program Files\Microchip\xc8\v2.32\pic\sources\c90\common\fleq.c estimated size: 78

BAI_5_HIEN.c
		_main          		CODE           	0D95	0000	619

BAI_5_HIEN.c estimated size: 619

C:\Program Files\Microchip\xc8\v2.32\pic\sources\c90\common\sprcmul.c
		___flmul       		CODE           	0497	0000	865

C:\Program Files\Microchip\xc8\v2.32\pic\sources\c90\common\sprcmul.c estimated size: 865

C:\Program Files\Microchip\xc8\v2.32\pic\sources\c90\common\sprcdiv.c
		___fldiv       		CODE           	0B32	0000	611

C:\Program Files\Microchip\xc8\v2.32\pic\sources\c90\common\sprcdiv.c estimated size: 611

C:\Program Files\Microchip\xc8\v2.32\pic\sources\c90\common\lwdiv.c
		___lwdiv       		CODE           	0989	0000	68

C:\Program Files\Microchip\xc8\v2.32\pic\sources\c90\common\lwdiv.c estimated size: 68

C:\Program Files\Microchip\xc8\v2.32\pic\sources\c90\common\Umul16.c
		___wmul        		CODE           	0903	0000	37

C:\Program Files\Microchip\xc8\v2.32\pic\sources\c90\common\Umul16.c estimated size: 37

C:\Program Files\Microchip\xc8\v2.32\pic\sources\c90\common\fltol.c
		___fltol       		CODE           	0025	0000	124

C:\Program Files\Microchip\xc8\v2.32\pic\sources\c90\common\fltol.c estimated size: 124

C:\Program Files\Microchip\xc8\v2.32\pic\sources\c90\common\trunc.c
		_trunc         		CODE           	0A6F	0000	92

C:\Program Files\Microchip\xc8\v2.32\pic\sources\c90\common\trunc.c estimated size: 92

