Microchip MPLAB XC8 Compiler V2.32

Linker command line:

-W-3 --edf=C:\Program Files\Microchip\xc8\v2.32\pic\dat\en_msgs.txt -cn \
  -h+dist/default/production\BAI_3.X.production.sym \
  --cmf=dist/default/production\BAI_3.X.production.cmf -z -Q16F887 \
  -oC:\Users\ssc002\AppData\Local\Temp\xcAse0c.6 --defsym=__MPLAB_BUILD=1 \
  -Mdist/default/production/BAI_3.X.production.map -E1 -ver=XC8 Compiler \
  --acfsm=1493 -ASTACK=0110h-016Fh -pstack=STACK -ACODE=00h-07FFhx4 \
  -ASTRCODE=00h-01FFFh -ASTRING=00h-0FFhx32 -ACONST=00h-0FFhx32 \
  -AENTRY=00h-0FFhx32 -ACOMMON=070h-07Fh -ABANK0=020h-06Fh \
  -ABANK1=0A0h-0EFh -ABANK2=0110h-016Fh -ABANK3=0190h-01EFh \
  -ARAM=020h-06Fh,0A0h-0EFh,0110h-016Fh,0190h-01EFh \
  -AABS1=020h-07Fh,0A0h-0EFh,0110h-016Fh,0190h-01EFh -ASFR0=00h-01Fh \
  -ASFR1=080h-09Fh -ASFR2=0100h-010Fh -ASFR3=0180h-018Fh \
  -ACONFIG=02007h-02008h -DCONFIG=2 -AIDLOC=02000h-02003h -DIDLOC=2 \
  -AEEDATA=00h-0FFh/02100h -peeprom_data=EEDATA -DEEDATA=2 -DCODE=2 \
  -DSTRCODE=2 -DSTRING=2 -DCONST=2 -DENTRY=2 \
  -preset_vec=00h,intentry,init,end_init -ppowerup=CODE -pcinit=CODE \
  -pfunctab=ENTRY -k C:\Users\ssc002\AppData\Local\Temp\xcAse0c.o \
  dist/default/production\BAI_3.X.production.o 

Object code version is 3.11

Machine type is 16F887



                Name                               Link     Load   Length Selector   Space Scale
C:\Users\ssc002\AppData\Local\Temp\xcAse0c.o
                end_init                              0        0        3        0       0
                config                             2007     2007        2        0       4
dist/default/production\BAI_3.X.production.o
                cinit                               7FC      7FC        4      FF8       0
                config                             2007     2007        2        0       4
                text9                               4AB      4AB       27      956       0
                text8                               468      468       1D      8D0       0
                text7                               4D2      4D2       30      9A4       0
                text6                               53B      53B       44      A76       0
                text5                               502      502       39      A04       0
                text4                               57F      57F       47      AFE       0
                text3                               622      622       A3      C44       0
                text2                               485      485       26      90A       0
                text1                               5C6      5C6       5C      B8C       0
                maintext                            6C5      6C5      137      D8A       0
                cstackBANK0                          20       20        4       20       1
                cstackCOMMON                         70       70        D       70       1
                strings                               3        3       8E        6       0

TOTAL           Name                               Link     Load   Length     Space
        CLASS   STACK          

        CLASS   CODE           
                end_init                              0        0        3         0
                cinit                               7FC      7FC        4         0
                text9                               4AB      4AB       27         0
                text8                               468      468       1D         0
                text7                               4D2      4D2       30         0
                text6                               53B      53B       44         0
                text5                               502      502       39         0
                text4                               57F      57F       47         0
                text3                               622      622       A3         0
                text2                               485      485       26         0
                text1                               5C6      5C6       5C         0
                maintext                            6C5      6C5      137         0

        CLASS   STRCODE        

        CLASS   STRING         
                strings                               3        3       8E         0

        CLASS   CONST          

        CLASS   ENTRY          

        CLASS   COMMON         
                cstackCOMMON                         70       70        D         1

        CLASS   BANK0          
                cstackBANK0                          20       20        4         1

        CLASS   BANK1          

        CLASS   BANK2          

        CLASS   BANK3          

        CLASS   RAM            

        CLASS   ABS1           
                abs_s1                               7E       7E        2         1

        CLASS   SFR0           

        CLASS   SFR1           

        CLASS   SFR2           

        CLASS   SFR3           

        CLASS   CONFIG         
                config                             2007     2007        2         4

        CLASS   IDLOC          

        CLASS   EEDATA         



SEGMENTS        Name                           Load    Length   Top    Selector   Space  Class     Delta

                reset_vec                      000000  000003  000003         0       0  CODE        2
                strings                        000003  00008E  000091         6       0  STRING      2
                cstackBANK0                    000020  000004  000024        20       1  BANK0       1
                cstackCOMMON                   000070  00000D  00007D        70       1  COMMON      1
                text8                          000468  00001D  000485       8D0       0  CODE        2
                text2                          000485  000026  0004AB       90A       0  CODE        2
                text9                          0004AB  000027  0004D2       956       0  CODE        2
                text7                          0004D2  000030  000502       9A4       0  CODE        2
                text5                          000502  000039  00053B       A04       0  CODE        2
                text6                          00053B  000044  00057F       A76       0  CODE        2
                text4                          00057F  000047  0005C6       AFE       0  CODE        2
                text1                          0005C6  00005C  000622       B8C       0  CODE        2
                text3                          000622  0000A3  0006C5       C44       0  CODE        2
                maintext                       0006C5  000137  0007FC       D8A       0  CODE        2
                cinit                          0007FC  000004  000800       FF8       0  CODE        2


UNUSED ADDRESS RANGES

        Name                Unused          Largest block    Delta
        BANK0            0024-006F             4C           1
        BANK1            00A0-00EF             50           1
        BANK2            0110-016F             60           1
        BANK3            0190-01EF             60           1
        CODE             0091-0467            3D7           2
                         0800-1FFF            800
        COMMON           007D-007D              1           1
        CONST            0091-0467            100           2
                         0800-1FFF            100
        EEDATA           2100-21FF            100           2
        ENTRY            0091-0467            100           2
                         0800-1FFF            100
        IDLOC            2000-2003              4           2
        RAM              0024-006F             4C           1
                         00A0-00EF             50
                         0110-016F             60
                         0190-01EF             60
        SFR0             0000-001F             20           1
        SFR1             0080-009F             20           1
        SFR2             0100-010F             10           1
        SFR3             0180-018F             10           1
        STACK            0110-016F             60           1
        STRCODE          0091-0467            3D7           2
                         0800-1FFF           1800
        STRING           0091-0467            100           2
                         0800-1FFF            100

                                  Symbol Table

?_getLength                    cstackCOMMON 0070
_ANSEL                         (abs)        0188
_ANSELH                        (abs)        0189
_GIE                           (abs)        005F
_PEIE                          (abs)        005E
_RB0                           (abs)        0030
_RB1                           (abs)        0031
_RD1                           (abs)        0041
_RD2                           (abs)        0042
_RD3                           (abs)        0043
_RD4                           (abs)        0044
_RD5                           (abs)        0045
_RD6                           (abs)        0046
_RD7                           (abs)        0047
_T1CKPS0                       (abs)        0084
_T1CKPS1                       (abs)        0085
_T1SYNC                        (abs)        0082
_TMR1CS                        (abs)        0081
_TMR1H                         (abs)        000F
_TMR1IE                        (abs)        0460
_TMR1IF                        (abs)        0060
_TMR1L                         (abs)        000E
_TMR1ON                        (abs)        0080
_TRISB0                        (abs)        0430
_TRISB1                        (abs)        0431
_TRISB2                        (abs)        0432
_TRISD1                        (abs)        0441
_TRISD2                        (abs)        0442
_TRISD3                        (abs)        0443
_TRISD4                        (abs)        0444
_TRISD5                        (abs)        0445
_TRISD6                        (abs)        0446
_TRISD7                        (abs)        0447
_WPUB                          (abs)        0095
__Habs1                        abs1         0000
__Hbank0                       bank0        0000
__Hbank1                       bank1        0000
__Hbank2                       bank2        0000
__Hbank3                       bank3        0000
__Hcinit                       cinit        0800
__Hclrtext                     clrtext      0000
__Hcode                        code         0000
__Hcommon                      common       0000
__Hconfig                      config       2009
__HcstackBANK0                 cstackBANK0  0000
__HcstackCOMMON                cstackCOMMON 0000
__Heeprom_data                 eeprom_data  0000
__Hend_init                    end_init     0003
__Hfunctab                     functab      0000
__Hinit                        init         0000
__Hintentry                    intentry     0000
__Hmaintext                    maintext     0000
__Hpowerup                     powerup      0000
__Hram                         ram          0000
__Hreset_vec                   reset_vec    0000
__Hsfr0                        sfr0         0000
__Hsfr1                        sfr1         0000
__Hsfr2                        sfr2         0000
__Hsfr3                        sfr3         0000
__Hspace_0                     (abs)        0800
__Hspace_1                     (abs)        007D
__Hspace_2                     (abs)        0000
__Hspace_3                     (abs)        0000
__Hspace_4                     (abs)        4010
__Hstack                       stack        0000
__Hstrings                     strings      0000
__Htext                        text         0000
__Labs1                        abs1         0000
__Lbank0                       bank0        0000
__Lbank1                       bank1        0000
__Lbank2                       bank2        0000
__Lbank3                       bank3        0000
__Lcinit                       cinit        07FC
__Lclrtext                     clrtext      0000
__Lcode                        code         0000
__Lcommon                      common       0000
__Lconfig                      config       0000
__LcstackBANK0                 cstackBANK0  0000
__LcstackCOMMON                cstackCOMMON 0000
__Leeprom_data                 eeprom_data  0000
__Lend_init                    end_init     0000
__Lfunctab                     functab      0000
__Linit                        init         0000
__Lintentry                    intentry     0000
__Lmaintext                    maintext     0000
__Lpowerup                     powerup      0000
__Lram                         ram          0000
__Lreset_vec                   reset_vec    0000
__Lsfr0                        sfr0         0000
__Lsfr1                        sfr1         0000
__Lsfr2                        sfr2         0000
__Lsfr3                        sfr3         0000
__Lspace_0                     (abs)        0000
__Lspace_1                     (abs)        0000
__Lspace_2                     (abs)        0000
__Lspace_3                     (abs)        0000
__Lspace_4                     (abs)        0000
__Lstack                       stack        0000
__Lstrings                     strings      0000
__Ltext                        text         0000
__S0                           (abs)        0800
__S1                           (abs)        007D
__S2                           (abs)        0000
__S3                           (abs)        0000
___int_sp                      stack        0000
___latbits                     (abs)        0002
___sp                          stack        0000
___stackhi                     (abs)        0000
___stacklo                     (abs)        0000
__end_of__initialization       cinit        07FC
__end_of__stringtab            strings      0009
__end_of_delayOneMS            text9        04D2
__end_of_getLength             text8        0485
__end_of_insertCharacter       text4        05C6
__end_of_lcd_busy              text7        0502
__end_of_lcd_gotoxy            text2        04AB
__end_of_lcd_init              text3        06C5
__end_of_lcd_put_byte          text5        053B
__end_of_lcd_put_nibble        text6        057F
__end_of_lcd_putc              text1        0622
__end_of_main                  maintext     07FC
__end_ofmain@end_first         strings      0064
__end_ofmain@end_second        strings      0091
__end_ofmain@info              strings      0075
__end_ofmain@special_end       strings      0032
__end_ofmain@special_name_info strings      0053
__end_ofmain@your_name         strings      0085
__initialization               cinit        07FC
__pcstackBANK0                 cstackBANK0  0020
__pcstackCOMMON                cstackCOMMON 0070
__pmaintext                    maintext     06C5
__pstrings                     strings      0003
__ptext1                       text1        05C6
__ptext2                       text2        0485
__ptext3                       text3        0622
__ptext4                       text4        057F
__ptext5                       text5        0502
__ptext6                       text6        053B
__ptext7                       text7        04D2
__ptext8                       text8        0468
__ptext9                       text9        04AB
__size_of_delayOneMS           (abs)        0000
__size_of_getLength            (abs)        0000
__size_of_insertCharacter      (abs)        0000
__size_of_lcd_busy             (abs)        0000
__size_of_lcd_gotoxy           (abs)        0000
__size_of_lcd_init             (abs)        0000
__size_of_lcd_put_byte         (abs)        0000
__size_of_lcd_put_nibble       (abs)        0000
__size_of_lcd_putc             (abs)        0000
__size_of_main                 (abs)        0000
__stringbase                   strings      0008
__stringtab                    strings      0003
_delayOneMS                    text9        04AB
_getLength                     text8        0468
_insertCharacter               text4        057F
_lcd_busy                      text7        04D2
_lcd_gotoxy                    text2        0485
_lcd_init                      text3        0622
_lcd_put_byte                  text5        0502
_lcd_put_nibble                text6        053B
_lcd_putc                      text1        05C6
_main                          maintext     06C5
_nRBPU                         (abs)        040F
btemp                          (abs)        007E
delayOneMS@n                   cstackCOMMON 0070
end_of_initialization          cinit        07FC
getLength@character            cstackCOMMON 0074
getLength@i                    cstackCOMMON 0072
insertCharacter@character      cstackCOMMON 0079
insertCharacter@i              cstackCOMMON 0077
intlevel0                      functab      0000
intlevel1                      functab      0000
intlevel2                      functab      0000
intlevel3                      functab      0000
intlevel4                      functab      0000
intlevel5                      functab      0000
lcd_busy@busy                  cstackCOMMON 0071
lcd_gotoxy@address             cstackCOMMON 0079
lcd_gotoxy@col                 cstackCOMMON 0078
lcd_gotoxy@row                 cstackCOMMON 0076
lcd_put_byte@b                 cstackCOMMON 0073
lcd_put_byte@rs                cstackCOMMON 0075
lcd_put_nibble@b               cstackCOMMON 0071
lcd_put_nibble@temp            cstackCOMMON 0072
lcd_putc@c                     cstackCOMMON 007C
main@end_first                 strings      0053
main@end_second                strings      0085
main@i                         cstackBANK0  0022
main@info                      strings      0064
main@length                    cstackBANK0  0020
main@special_end               strings      0009
main@special_name_info         strings      0032
main@your_name                 strings      0075
reset_vec                      reset_vec    0000
start                          init         0000
start_initialization           cinit        07FC
wtemp0                         (abs)        007E


MODULE INFORMATION

Module		Function		Class		Link	Load	Size
shared
		main@special_end		STRING         	0009	0000	41
		__stringtab    		STRING         	0003	0000	6
		main@your_name 		STRING         	0075	0000	16
		main@special_name_info		STRING         	0032	0000	33
		__initialization		CODE           	07FC	0000	1
		main@info      		STRING         	0064	0000	17
		main@end_first 		STRING         	0053	0000	17
		main@end_second		STRING         	0085	0000	12

shared estimated size: 143

lcd.c
		_lcd_busy      		CODE           	04D2	0000	48
		_lcd_putc      		CODE           	05C6	0000	92
		_lcd_put_byte  		CODE           	0502	0000	57
		_lcd_put_nibble		CODE           	053B	0000	68
		_lcd_gotoxy    		CODE           	0485	0000	38
		_lcd_init      		CODE           	0622	0000	163

lcd.c estimated size: 466

BAI_3.c
		_main          		CODE           	06C5	0000	311
		_insertCharacter		CODE           	057F	0000	71
		_getLength     		CODE           	0468	0000	29
		_delayOneMS    		CODE           	04AB	0000	39

BAI_3.c estimated size: 450

